#-----------------------------------------------------------
# Vivado v2023.1 (64-bit)
# SW Build 3865809 on Sun May  7 15:05:29 MDT 2023
# IP Build 3864474 on Sun May  7 20:36:21 MDT 2023
# SharedData Build 3865790 on Sun May 07 13:33:03 MDT 2023
# Start of session at: Mon Oct 30 11:34:24 2023
# Process ID: 15668
# Current directory: C:/Users/lscho/OneDrive/Documents/GitHub/Digitaal-MO6-Pong/ScreenGen/WhiteScreenGen
# Command line: vivado.exe -gui_launcher_event rodinguilauncherevent6756 C:\Users\lscho\OneDrive\Documents\GitHub\Digitaal-MO6-Pong\ScreenGen\WhiteScreenGen\WhiteScreenGen.xpr
# Log file: C:/Users/lscho/OneDrive/Documents/GitHub/Digitaal-MO6-Pong/ScreenGen/WhiteScreenGen/vivado.log
# Journal file: C:/Users/lscho/OneDrive/Documents/GitHub/Digitaal-MO6-Pong/ScreenGen/WhiteScreenGen\vivado.jou
# Running On: LaptopVanLars, OS: Windows, CPU Frequency: 1797 MHz, CPU Physical cores: 16, Host memory: 16456 MB
#-----------------------------------------------------------
start_gui
open_project C:/Users/lscho/OneDrive/Documents/GitHub/Digitaal-MO6-Pong/ScreenGen/WhiteScreenGen/WhiteScreenGen.xpr
